[cdsl.vn/about/index.html]
[kit.fontawesome.com/f29fdb0afe.js]
[cdsl.vn/wp-content/themes/collective-cdsl/css/styles.css]
[cdsl.vn/wp-content/uploads/2021/08/cropped-Favicon-32x32.png]
[cdsl.vn/wp-content/uploads/2021/08/cropped-Favicon-192x192.png]
[cdsl.vn/wp-content/uploads/2021/08/cropped-Favicon-180x180.png]
[backblue.gif]
[fade.gif]
[index.html]
[cdn.jsdelivr.net/npm/jquery@3.5.1/dist/jquery.min.js]
[cdsl.vn/wp-content/uploads/2021/08/about-cover.jpg]
[cdsl.vn/wp-content/uploads/2024/06/VSTRAal-218-copy-1-min.jpg]
[cdsl.vn/wp-content/uploads/2024/07/VOVE-PRESS-new-16.jpg]
[cdsl.vn/wp-content/uploads/2023/11/VSTRAal-731-1.jpg]
[cdsl.vn/wp-content/uploads/2024/06/IM_STILL_HERE-1.png]
[cdsl.vn/wp-content/uploads/2023/04/HDVF4768-FINAL-1.jpg]
[cdsl.vn/wp-content/uploads/2025/12/General-Use-2.jpg]
[cdsl.vn/wp-content/uploads/2025/12/140A0575.jpg]
[cdsl.vn/wp-content/uploads/2025/08/Cover-FB-1.jpg]
[cdsl.vn/wp-content/uploads/2025/03/cover-art-rgb-1.jpg]
[cdsl.vn/wp-content/uploads/2024/08/pick-2.jpg]
[cdsl.vn/wp-content/uploads/2024/06/Cover-Art-1.png]
[cdsl.vn/wp-content/uploads/2024/06/IMG_0514-Edit.jpg]
[cdsl.vn/cdn-cgi/scripts/5c5dd728/cloudflare-static/email-decode.min.js]
[cdn.jsdelivr.net/npm/swiper@6.4.5/swiper-bundle.min.js]
[cdn.jsdelivr.net/npm/gsap@3.9.1/dist/gsap.min.js]
[cdn.jsdelivr.net/npm/gsap@3.9.1/dist/ScrollTrigger.min.js]
[cdsl.vn/wp-content/themes/collective-cdsl/js/gsap/SplitText.min.js]
[cdsl.vn/wp-content/themes/collective-cdsl/js/scripts.js]
[cdsl.vn/wp-content/themes/collective-cdsl/js/globalSearch.js]
[cdsl.vn/about/index.html]
[cdsl.vn/cdn-cgi/scripts/7d0fa10a/cloudflare-static/rocket-loader.min.js]
[cdsl.vn/wp-content/themes/collective-cdsl/img/discMask.png]
[cdsl.vn/wp-content/themes/collective-cdsl/css/styles.css]
[cdsl.vn/cdn-cgi/zaraz/sd0d9.js]
